  grid coverage: near-square 29, square 98, tall 56, wide 38
  221 shapes x 3 backends (and sharing from batch 64) x 2 passes = 1404 timed runs
    25/1404  elapsed 0.0m  eta 2.7m
    50/1404  elapsed 0.1m  eta 2.9m
    75/1404  elapsed 0.1m  eta 2.6m
    100/1404  elapsed 0.2m  eta 2.9m
    125/1404  elapsed 0.3m  eta 3.2m
    150/1404  elapsed 0.4m  eta 3.4m
    175/1404  elapsed 0.5m  eta 3.2m
    200/1404  elapsed 0.5m  eta 3.1m
    225/1404  elapsed 0.6m  eta 3.3m
    250/1404  elapsed 0.7m  eta 3.3m
    275/1404  elapsed 0.8m  eta 3.2m
    300/1404  elapsed 0.8m  eta 3.1m
    325/1404  elapsed 1.0m  eta 3.2m
    350/1404  elapsed 1.1m  eta 3.2m
    375/1404  elapsed 1.2m  eta 3.3m
    400/1404  elapsed 1.3m  eta 3.4m
    425/1404  elapsed 1.4m  eta 3.2m
    450/1404  elapsed 1.5m  eta 3.1m
    475/1404  elapsed 1.5m  eta 3.0m
    500/1404  elapsed 1.6m  eta 2.9m
    525/1404  elapsed 1.6m  eta 2.7m
    550/1404  elapsed 1.7m  eta 2.7m
    575/1404  elapsed 1.8m  eta 2.6m
    600/1404  elapsed 1.9m  eta 2.5m
    625/1404  elapsed 2.0m  eta 2.4m
    650/1404  elapsed 2.0m  eta 2.3m
    675/1404  elapsed 2.1m  eta 2.2m
    700/1404  elapsed 2.1m  eta 2.1m
    725/1404  elapsed 2.2m  eta 2.0m
    750/1404  elapsed 2.2m  eta 2.0m
    775/1404  elapsed 2.3m  eta 1.9m
    800/1404  elapsed 2.4m  eta 1.8m
    825/1404  elapsed 2.5m  eta 1.7m
    850/1404  elapsed 2.5m  eta 1.7m
    875/1404  elapsed 2.6m  eta 1.6m
    900/1404  elapsed 2.7m  eta 1.5m
    925/1404  elapsed 2.8m  eta 1.5m
    950/1404  elapsed 2.9m  eta 1.4m
    975/1404  elapsed 2.9m  eta 1.3m
    1000/1404  elapsed 3.0m  eta 1.2m
    1025/1404  elapsed 3.1m  eta 1.2m
    1050/1404  elapsed 3.2m  eta 1.1m
    1075/1404  elapsed 3.3m  eta 1.0m
    1100/1404  elapsed 3.4m  eta 0.9m
    1125/1404  elapsed 3.5m  eta 0.9m
    1150/1404  elapsed 3.6m  eta 0.8m
    1175/1404  elapsed 3.7m  eta 0.7m
    1200/1404  elapsed 3.7m  eta 0.6m
    1225/1404  elapsed 3.8m  eta 0.6m
    1250/1404  elapsed 3.8m  eta 0.5m
    1275/1404  elapsed 3.9m  eta 0.4m
    1300/1404  elapsed 4.0m  eta 0.3m
    1325/1404  elapsed 4.0m  eta 0.2m
    1350/1404  elapsed 4.1m  eta 0.2m
    1375/1404  elapsed 4.2m  eta 0.1m
    1400/1404  elapsed 4.3m  eta 0.0m
    1404/1404  elapsed 4.3m  eta 0.0m

  band 480..512   ship k >= 80 (batch < 8) / 768   (1.0202x geomean regret)
  CPU routing: GPU iff 0 <= w <= 448, batch*w >= 1448, batch >= 1, or sqrt(M k) >= 512 and batch <= any   (1.0200x vs 1.6961x always GPU, worst 1.85x)
  kTuned entry:  {"Apple M5 Pro", 20, 80, 768, 8,   448, 1448, 1, 0,   512, 0,   0},
  -> /Users/cormac/Documents/Projects/metal-linalg/docs/results/apple-m5-pro-20gpu/20261007-9f2589/qr/report.md, /Users/cormac/Documents/Projects/metal-linalg/docs/results/apple-m5-pro-20gpu/20261007-9f2589/qr/results.json, /Users/cormac/Documents/Projects/metal-linalg/docs/results/apple-m5-pro-20gpu/20261007-9f2589/qr/raw.csv
