device: Apple M5 Pro (20 GPU cores), policy from tuned:Apple M5 Pro
cost model scale: tg x1.00, simd x1.00, block x0.14, cpu x0.08, ql x1.00
sweep -> /Users/cormac/Documents/Projects/metal-linalg/docs/results/apple-m5-pro-20gpu/20261004-fd9bd8/eigh/raw.csv
  205 points, 1664 backend timings per pass x 2 passes; rough estimate 43 min
    20/410  elapsed 1.1m  eta 21.8m
    40/410  elapsed 2.1m  eta 19.8m
    60/410  elapsed 3.4m  eta 19.6m
    80/410  elapsed 4.6m  eta 19.0m
    100/410  elapsed 6.3m  eta 19.5m
    120/410  elapsed 8.0m  eta 19.4m
    140/410  elapsed 10.4m  eta 20.0m
    160/410  elapsed 11.1m  eta 17.3m
    180/410  elapsed 12.1m  eta 15.4m
    200/410  elapsed 12.8m  eta 13.4m
    220/410  elapsed 14.0m  eta 12.1m
    240/410  elapsed 14.8m  eta 10.4m
    260/410  elapsed 17.7m  eta 10.2m
    280/410  elapsed 19.1m  eta 8.9m
    300/410  elapsed 19.7m  eta 7.2m
    320/410  elapsed 19.9m  eta 5.6m
    340/410  elapsed 21.2m  eta 4.4m
    360/410  elapsed 22.0m  eta 3.1m
    380/410  elapsed 23.4m  eta 1.9m
    400/410  elapsed 24.8m  eta 0.6m
    410/410  elapsed 26.0m  eta 0.0m

205 points on Apple M5 Pro (20 GPU cores)
GPU split:   simd_max_n=8 block_min_n=96 block_min_n_batched=none block_min_batch=none   (1.0198x vs best GPU backend, worst 1.55x)
CPU routing: gpu_max_n=64 gpu_min_batch_times_n=16384 gpu_min_batch=1   (1.0124x vs best of all, worst 1.49x)
in effect (tuned:Apple M5 Pro): 1.0106x, worst 1.59x
eigenvalues alone: values_gpu_max_n=48 values_gpu_min_batch_times_n=16384 values_gpu_min_batch=1   (1.0140x, worst 1.47x; with eigh's boundary 1.0182x, worst 2.71x)
ql window:   N=12..64   (1.0513x vs best GPU backend, worst 1.63x; without it 1.1594x, worst 3.50x)
share with the CPU: from batch 1024   (1.0583x vs best GPU backend; ql alone 1.1414x)
tridiag (vectors): from 1024, batch <= 4   (1.0077x, worst 1.30x; without it 1.1177x, worst 5.44x; held out 1.0270x vs 1.0410x)
tridiag (values): from 1536, batch <= 2   (1.0015x, worst 1.09x; without it 1.0262x, worst 1.58x; held out 1.0031x vs 1.0031x)

kTuned[] row:  {"Apple M5 Pro", 20,   8, 96, 0, 0,   64, 16384, 1,   48, 16384, 1,   1024, 1536, 4, 2,   12, 64,   1024,   0, 0},
warning: chosen rule loses more than 25% at N=64 batch=256 (ql, 1.49x), N=64 batch=512 (ql, 1.48x), N=48 batch=256 (cpu, 1.38x), N=48 batch=512 (ql, 1.27x), N=24 batch=512 (cpu, 1.26x), N=2 batch=512 (cpu, 1.26x), N=16 batch=1024 (ql_share, 1.26x)
warning: GPU split loses more than 25% against the best GPU backend at N=8 batch=32 (simd, 1.63x), N=32 batch=1 (ql, 1.61x), N=32 batch=4 (ql, 1.48x), N=32 batch=16 (ql, 1.43x), N=32 batch=8 (ql, 1.42x), N=32 batch=2 (ql, 1.42x), N=24 batch=2 (ql, 1.39x), N=24 batch=16 (ql, 1.37x) ...
warning: the fitted policy differs from the one in effect (tuned:Apple M5 Pro): update this device's row in kTuned[] in src/eigh.mm
warning: eigenvalues alone: the chosen boundary loses more than 25% at N=32 batch=512 (ql, 1.47x), N=64 batch=1024 (cpu, 1.41x), N=64 batch=4096 (cpu, 1.39x), N=24 batch=1024 (ql_share, 1.33x), N=64 batch=2048 (cpu, 1.32x), N=4 batch=4096 (simd, 1.32x), N=48 batch=512 (ql, 1.30x)
wrote /Users/cormac/Documents/Projects/metal-linalg/docs/results/apple-m5-pro-20gpu/20261004-fd9bd8/eigh/results.json and report.md
