device: Apple M5 Pro (20 GPU cores), policy from tuned-stale:Apple M5 Pro
cost model scale: tg x1.00, simd x1.00, block x0.14, cpu x0.09, ql x1.00
sweep -> /Users/cormac/Documents/Projects/metal-linalg/docs/results/apple-m5-pro-20gpu/20261003-c0878c/eigh/raw.csv
  205 points, 1664 backend timings per pass x 2 passes; rough estimate 43 min
    20/410  elapsed 1.2m  eta 23.5m
    40/410  elapsed 2.2m  eta 20.8m
    60/410  elapsed 3.5m  eta 20.6m
    80/410  elapsed 4.8m  eta 19.8m
    100/410  elapsed 6.7m  eta 20.7m
    120/410  elapsed 8.5m  eta 20.6m
    140/410  elapsed 11.1m  eta 21.4m
    160/410  elapsed 11.9m  eta 18.5m
    180/410  elapsed 13.0m  eta 16.6m
    200/410  elapsed 13.8m  eta 14.5m
    220/410  elapsed 15.0m  eta 13.0m
    240/410  elapsed 15.9m  eta 11.3m
    260/410  elapsed 19.1m  eta 11.0m
    280/410  elapsed 20.6m  eta 9.6m
    300/410  elapsed 21.3m  eta 7.8m
    320/410  elapsed 21.5m  eta 6.1m
    340/410  elapsed 23.0m  eta 4.7m
    360/410  elapsed 23.9m  eta 3.3m
    380/410  elapsed 25.5m  eta 2.0m
    400/410  elapsed 27.0m  eta 0.7m
    410/410  elapsed 28.2m  eta 0.0m
Traceback (most recent call last):
  File "/Users/cormac/Documents/Projects/metal-linalg/tuning/tune_eigh.py", line 1639, in <module>
    main()
  File "/Users/cormac/Documents/Projects/metal-linalg/tuning/tune_eigh.py", line 1600, in main
    write_report(res, os.path.join(args.out, "report.md"))
  File "/Users/cormac/Documents/Projects/metal-linalg/tuning/tune_eigh.py", line 1339, in write_report
    L.append(_surface(res["surface"], "rule_gpu"))
  File "/Users/cormac/Documents/Projects/metal-linalg/tuning/tune_eigh.py", line 1177, in _surface
    row.append(f"    {letter[c[key]]}")
KeyError: 'ql_share'
