device: Apple M5 Pro (20 GPU cores), policy from tuned:Apple M5 Pro
cost model scale: tg x1.00, simd x1.00, block x0.14, cpu x0.09, ql x1.00
sweep -> /Users/cormac/Documents/Projects/metal-linalg/docs/results/apple-m5-pro-20gpu/20261003-2d2c19/eigh/raw.csv
  205 points, 1538 backend timings per pass x 2 passes; rough estimate 43 min
    20/410  elapsed 1.2m  eta 24.1m
    40/410  elapsed 2.3m  eta 21.3m
    60/410  elapsed 3.7m  eta 21.4m
    80/410  elapsed 4.9m  eta 20.4m
    100/410  elapsed 7.0m  eta 21.6m
    120/410  elapsed 9.0m  eta 21.7m
    140/410  elapsed 11.7m  eta 22.5m
    160/410  elapsed 12.5m  eta 19.5m
    180/410  elapsed 13.7m  eta 17.5m
    200/410  elapsed 14.5m  eta 15.2m
    220/410  elapsed 15.8m  eta 13.6m
    240/410  elapsed 16.7m  eta 11.8m
    260/410  elapsed 20.0m  eta 11.6m
    280/410  elapsed 21.6m  eta 10.0m
    300/410  elapsed 22.3m  eta 8.2m
    320/410  elapsed 22.6m  eta 6.4m
    340/410  elapsed 24.2m  eta 5.0m
    360/410  elapsed 25.2m  eta 3.5m
    380/410  elapsed 26.8m  eta 2.1m
    400/410  elapsed 28.4m  eta 0.7m
    410/410  elapsed 29.6m  eta 0.0m

205 points on Apple M5 Pro (20 GPU cores)
GPU split:   simd_max_n=0 block_min_n=96 block_min_n_batched=none block_min_batch=none   (1.0199x vs best GPU backend, worst 1.59x)
CPU routing: gpu_max_n=48 gpu_min_batch_times_n=8192 gpu_min_batch=1   (1.0027x vs best of all, worst 1.28x)
in effect (tuned:Apple M5 Pro): 1.7126x, worst 13.98x
eigenvalues alone: values_gpu_max_n=16 values_gpu_min_batch_times_n=none values_gpu_min_batch=1   (1.0027x, worst 1.19x; with eigh's boundary 1.0248x, worst 1.84x)
ql window:   N=12..64   (1.0423x vs best GPU backend, worst 1.58x; without it 1.1537x, worst 3.48x)
tridiag (vectors): from N=2048   (1.0090x, worst 1.45x; without it 1.0629x, worst 4.55x; held out 1.0368x vs 1.0043x)
tridiag (values): from N=3072   (1.0000x, worst 1.00x; without it 1.0050x, worst 1.22x; held out 1.0000x vs 1.0000x)

kTuned[] row:  {"Apple M5 Pro", 20,   0, 96, 0, 0,   48, 8192, 1,   0, 0, 1,   2048, 3072,   12, 64},
warning: chosen rule loses more than 25% at N=2 batch=512 (cpu, 1.28x)
warning: GPU split loses more than 25% against the best GPU backend at N=32 batch=1 (ql, 1.58x), N=32 batch=2 (ql, 1.49x), N=32 batch=8 (ql, 1.43x), N=32 batch=4 (ql, 1.42x), N=32 batch=16 (ql, 1.41x), N=24 batch=16 (ql, 1.36x), N=24 batch=4 (ql, 1.36x), N=96 batch=16 (block, 1.35x) ...
warning: the fitted policy differs from the one in effect (tuned:Apple M5 Pro): update this device's row in kTuned[] in src/eigh.mm
wrote /Users/cormac/Documents/Projects/metal-linalg/docs/results/apple-m5-pro-20gpu/20261003-2d2c19/eigh/results.json and report.md
