device: Apple M5 Pro (20 GPU cores), policy from tuned:Apple M5 Pro
cost model scale: tg x1.00, simd x1.00, block x0.14, cpu x0.94
sweep -> /Users/cormac/Documents/Projects/metal-linalg/docs/results/apple-m5-pro-20gpu/20261003-d26059/eigh/raw.csv
  205 points, 1284 backend timings per pass x 2 passes; rough estimate 56 min
    20/410  elapsed 1.3m  eta 25.8m
    40/410  elapsed 2.4m  eta 22.6m
    60/410  elapsed 4.2m  eta 24.5m
    80/410  elapsed 5.9m  eta 24.2m
    100/410  elapsed 8.3m  eta 25.8m
    120/410  elapsed 10.3m  eta 25.0m
    140/410  elapsed 12.9m  eta 24.8m
    160/410  elapsed 13.9m  eta 21.7m
    180/410  elapsed 15.2m  eta 19.5m
    200/410  elapsed 16.4m  eta 17.2m
    220/410  elapsed 18.2m  eta 15.7m
    240/410  elapsed 19.3m  eta 13.6m
    260/410  elapsed 22.4m  eta 13.0m
    280/410  elapsed 24.4m  eta 11.3m
    300/410  elapsed 25.3m  eta 9.3m
    320/410  elapsed 25.6m  eta 7.2m
    340/410  elapsed 27.4m  eta 5.6m
    360/410  elapsed 28.7m  eta 4.0m
    380/410  elapsed 30.4m  eta 2.4m
    400/410  elapsed 32.2m  eta 0.8m
    410/410  elapsed 33.4m  eta 0.0m

205 points on Apple M5 Pro (20 GPU cores)
GPU split:   simd_max_n=0 block_min_n=96 block_min_n_batched=none block_min_batch=none   (1.0180x vs best GPU backend, worst 1.55x)
CPU routing: gpu_max_n=1024 gpu_min_batch_times_n=512 gpu_min_batch=16   (1.0275x vs best of all, worst 1.67x)
in effect (tuned:Apple M5 Pro): 1.0275x, worst 1.67x
eigenvalues alone: values_gpu_max_n=256 values_gpu_min_batch_times_n=2048 values_gpu_min_batch=32   (1.0148x, worst 1.55x; with eigh's boundary 1.0680x, worst 3.95x)
tridiag (vectors): from N=1024   (1.0393x, worst 2.09x; without it 1.1750x, worst 2.73x; held out 1.0691x vs 1.1136x)
tridiag (values): from N=never   (1.0021x, worst 1.13x; without it 1.0021x, worst 1.13x; held out 1.0000x vs 1.0000x)

kTuned[] row:  {"Apple M5 Pro", 20,   0, 96, 0, 0,   1024, 512, 16,   256, 2048, 32,   1024, 0},
warning: chosen rule loses more than 25% at N=768 batch=16 (block, 1.67x), N=2 batch=256 (tg, 1.60x), N=64 batch=4096 (tg, 1.55x), N=64 batch=1024 (tg, 1.55x), N=64 batch=2048 (tg, 1.51x), N=64 batch=512 (tg, 1.49x), N=4 batch=128 (tg, 1.46x), N=96 batch=16 (block, 1.38x) ...
warning: GPU split loses more than 25% against the best GPU backend at N=64 batch=4096 (tg, 1.55x), N=64 batch=1024 (tg, 1.55x), N=64 batch=2048 (tg, 1.51x), N=64 batch=512 (tg, 1.49x), N=96 batch=16 (block, 1.38x), N=96 batch=2 (block, 1.33x), N=96 batch=1 (block, 1.32x), N=96 batch=8 (block, 1.30x) ...
warning: chosen rule picks a backend that was not timed at 1 points; the cost model's guess counts in the geomean and is kept out of the worst case: N=4096 batch=1 (cpu, est 2.80x)
warning: the fitted policy differs from the one in effect (tuned:Apple M5 Pro): update this device's row in kTuned[] in src/eigh.mm
warning: eigenvalues alone: the chosen boundary loses more than 25% at N=64 batch=4096 (tg, 1.55x), N=64 batch=1024 (tg, 1.53x), N=64 batch=2048 (tg, 1.47x), N=12 batch=128 (cpu, 1.42x), N=64 batch=512 (tg, 1.40x), N=24 batch=64 (cpu, 1.29x)
wrote /Users/cormac/Documents/Projects/metal-linalg/docs/results/apple-m5-pro-20gpu/20261003-d26059/eigh/results.json and report.md
