device: Apple M5 Pro (20 GPU cores), policy from tuned-stale:Apple M5 Pro
cost model scale: tg x1.00, simd x1.00, block x0.14, cpu x0.08, ql x1.00
sweep -> /Users/cormac/Documents/Projects/metal-linalg/docs/results/apple-m5-pro-20gpu/20261007-246324/eigh/raw.csv
  207 points, 1766 backend timings per pass x 2 passes; rough estimate 50 min
    20/414  elapsed 0.9m  eta 17.3m
    40/414  elapsed 2.9m  eta 27.3m
    60/414  elapsed 4.3m  eta 25.2m
    80/414  elapsed 5.7m  eta 23.6m
    100/414  elapsed 6.7m  eta 21.1m
    120/414  elapsed 8.4m  eta 20.7m
    140/414  elapsed 11.1m  eta 21.8m
    160/414  elapsed 12.1m  eta 19.3m
    180/414  elapsed 14.2m  eta 18.5m
    200/414  elapsed 15.2m  eta 16.2m
    220/414  elapsed 15.7m  eta 13.9m
    240/414  elapsed 16.9m  eta 12.2m
    260/414  elapsed 20.1m  eta 11.9m
    280/414  elapsed 22.6m  eta 10.8m
    300/414  elapsed 23.5m  eta 8.9m
    320/414  elapsed 24.4m  eta 7.2m
    340/414  elapsed 24.9m  eta 5.4m
    360/414  elapsed 25.8m  eta 3.9m
    380/414  elapsed 27.8m  eta 2.5m
    400/414  elapsed 29.3m  eta 1.0m
    414/414  elapsed 30.8m  eta 0.0m

207 points on Apple M5 Pro (20 GPU cores)
GPU split:   simd_max_n=0 block_min_n=96 block_min_n_batched=none block_min_batch=none   (1.0240x vs best GPU backend, worst 1.59x)
CPU routing: gpu_max_n=32 gpu_min_batch_times_n=16384 gpu_min_batch=1   (1.0160x vs best of all, worst 1.48x)
in effect (tuned-stale:Apple M5 Pro): 1.0154x, worst 1.71x
eigenvalues alone: values_gpu_max_n=48 values_gpu_min_batch_times_n=16384 values_gpu_min_batch=1   (1.0483x, worst 3.77x; with eigh's boundary 1.0447x, worst 3.77x)
ql window:   N=2..64   (1.0454x vs best GPU backend, worst 1.63x; without it 1.1759x, worst 3.48x)
large batches: also the GPU for N above gpu_max_n up to 64 from batch 2048
share with the CPU: from batch 2048   (1.1002x vs best GPU backend; ql alone 1.1150x)
tridiag (vectors): from 1024, batch <= 4   (1.0120x, worst 1.51x; without it 1.2534x, worst 9.01x; held out 1.0191x vs 1.0962x)
tridiag (values): from 1024, batch <= 2   (1.0173x, worst 1.55x; without it 1.1177x, worst 3.77x; held out 1.0171x vs 1.0482x)
band (values): 2048, width 16   (1.0172x, worst 1.25x; without 1.0587x)

kTuned[] row:  {"Apple M5 Pro", 20,   0, 96, 0, 0,   32, 16384, 1,   48, 16384, 1,   1024, 1024, 4, 2,   2, 64,   2048,   64, 2048,   2048, 16},
warning: chosen rule loses more than 25% at N=64 batch=1024 (cpu, 1.48x), N=48 batch=1024 (cpu, 1.43x), N=8 batch=2048 (ql_share, 1.43x), N=48 batch=512 (cpu, 1.42x), N=48 batch=256 (cpu, 1.39x), N=4 batch=4096 (ql_share, 1.35x), N=24 batch=512 (cpu, 1.28x)
warning: GPU split loses more than 25% against the best GPU backend at N=32 batch=1 (ql, 1.63x), N=32 batch=2 (ql, 1.47x), N=32 batch=4 (ql, 1.45x), N=32 batch=8 (ql, 1.41x), N=32 batch=16 (ql, 1.41x), N=96 batch=16 (block, 1.37x), N=24 batch=16 (ql, 1.37x), N=24 batch=4 (ql, 1.36x) ...
warning: the fitted policy differs from the one in effect (tuned-stale:Apple M5 Pro): update this device's row in kTuned[] in src/eigh.mm
warning: eigenvalues alone: the GPU is still ahead at the largest N measured (4096); values_gpu_max_n is a lower bound
warning: eigenvalues alone: the chosen boundary loses more than 25% at N=4096 batch=1 (cpu, 3.77x), N=3584 batch=1 (cpu, 3.11x), N=3072 batch=1 (cpu, 2.70x), N=2560 batch=1 (cpu, 2.23x), N=2048 batch=1 (cpu, 1.77x), N=1536 batch=1 (cpu, 1.64x), N=48 batch=1024 (ql, 1.61x), N=2048 batch=2 (cpu, 1.49x) ...
wrote /Users/cormac/Documents/Projects/metal-linalg/docs/results/apple-m5-pro-20gpu/20261007-246324/eigh/results.json and report.md
