device: Apple M5 Pro (20 GPU cores), policy from tuned:Apple M5 Pro
cost model scale: tg x1.00, simd x1.00, block x0.14, cpu x0.10, ql x1.00
sweep -> /Users/cormac/Documents/Projects/metal-linalg/docs/results/apple-m5-pro-20gpu/20261004-06bc11/eigh/raw.csv
  205 points, 1692 backend timings per pass x 2 passes; rough estimate 45 min
    20/410  elapsed 1.1m  eta 22.2m
    40/410  elapsed 2.2m  eta 20.1m
    60/410  elapsed 3.5m  eta 20.3m
    80/410  elapsed 4.8m  eta 19.6m
    100/410  elapsed 6.6m  eta 20.4m
    120/410  elapsed 8.4m  eta 20.3m
    140/410  elapsed 11.0m  eta 21.1m
    160/410  elapsed 11.7m  eta 18.2m
    180/410  elapsed 12.7m  eta 16.2m
    200/410  elapsed 13.4m  eta 14.1m
    220/410  elapsed 14.6m  eta 12.7m
    240/410  elapsed 15.5m  eta 11.0m
    260/410  elapsed 18.6m  eta 10.8m
    280/410  elapsed 20.1m  eta 9.3m
    300/410  elapsed 20.8m  eta 7.6m
    320/410  elapsed 21.0m  eta 5.9m
    340/410  elapsed 22.3m  eta 4.6m
    360/410  elapsed 23.2m  eta 3.2m
    380/410  elapsed 24.7m  eta 1.9m
    400/410  elapsed 26.1m  eta 0.7m
    410/410  elapsed 27.3m  eta 0.0m

205 points on Apple M5 Pro (20 GPU cores)
GPU split:   simd_max_n=0 block_min_n=96 block_min_n_batched=none block_min_batch=none   (1.0186x vs best GPU backend, worst 1.57x)
CPU routing: gpu_max_n=48 gpu_min_batch_times_n=16384 gpu_min_batch=1   (1.0095x vs best of all, worst 1.35x)
in effect (tuned:Apple M5 Pro): 1.0094x, worst 1.35x
eigenvalues alone: values_gpu_max_n=48 values_gpu_min_batch_times_n=16384 values_gpu_min_batch=1   (1.0137x, worst 1.46x; with eigh's boundary 1.0092x, worst 1.46x)
ql window:   N=12..64   (1.0474x vs best GPU backend, worst 1.62x; without it 1.1580x, worst 3.65x)
large batches: also the GPU for N above gpu_max_n up to 64 from batch 1024
share with the CPU: from batch 1024   (1.0509x vs best GPU backend; ql alone 1.1334x)
tridiag (vectors): from 1024, batch <= 4   (1.0069x, worst 1.28x; without it 1.1156x, worst 5.62x; held out 1.0225x vs 1.0350x)
tridiag (values): from 1536, batch <= 2   (1.0081x, worst 1.46x; without it 1.0650x, worst 2.23x; held out 1.0137x vs 1.0137x)

kTuned[] row:  {"Apple M5 Pro", 20,   0, 96, 0, 0,   48, 16384, 1,   48, 16384, 1,   1024, 1536, 4, 2,   12, 64,   1024,   64, 1024,   0},
warning: chosen rule loses more than 25% at N=48 batch=256 (cpu, 1.35x), N=16 batch=1024 (ql_share, 1.29x), N=64 batch=512 (cpu, 1.26x), N=24 batch=512 (cpu, 1.26x)
warning: GPU split loses more than 25% against the best GPU backend at N=32 batch=1 (ql, 1.62x), N=32 batch=2 (ql, 1.48x), N=24 batch=4 (ql, 1.45x), N=32 batch=8 (ql, 1.40x), N=32 batch=4 (ql, 1.39x), N=24 batch=16 (ql, 1.36x), N=4 batch=128 (tg, 1.35x), N=32 batch=16 (ql, 1.34x) ...
warning: the fitted policy differs from the one in effect (tuned:Apple M5 Pro): update this device's row in kTuned[] in src/eigh.mm
warning: eigenvalues alone: the chosen boundary loses more than 25% at N=32 batch=512 (ql, 1.46x), N=4 batch=4096 (tg, 1.40x), N=24 batch=1024 (ql_share, 1.33x), N=8 batch=2048 (tg, 1.29x)
wrote /Users/cormac/Documents/Projects/metal-linalg/docs/results/apple-m5-pro-20gpu/20261004-06bc11/eigh/results.json and report.md
